#error.txt#

[2021.12.3.(0:59)]  XXX
@@@ 부분에서 에러가 발생합니다.

[2021.12.3.(1:59)]  김 ㅁ ㅁ 
@@@ 부분에서 에러가 발생합니다!!!!!

